**********************
Windows PowerShell transcript start
Start time: 20251022121649
Username: MAXGROUP\SYSTEM
RunAs User: MAXGROUP\SYSTEM
Configuration Name: 
Machine: D-MONOLITH (Microsoft Windows NT 10.0.26220.0)
Host Application: C:\WINDOWS\System32\WindowsPowerShell\v1.0\powershell.exe -NoProfile -ExecutionPolicy Bypass -File C:\otel\canary-check-min.ps1
Process ID: 18348
PSVersion: 5.1.26100.6972
PSEdition: Desktop
PSCompatibleVersions: 1.0, 2.0, 3.0, 4.0, 5.0, 5.1.26100.6972
BuildVersion: 10.0.26100.6972
CLRVersion: 4.0.30319.42000
WSManStackVersion: 3.0
PSRemotingProtocolVersion: 2.3
SerializationVersion: 1.1.0.1
**********************
Reading baseline metrics...
PS>TerminatingError(Invoke-WebRequest): "Unable to connect to the remote server"
Metrics fetch failed on http://127.0.0.1:8889/metrics: Unable to connect to the remote server
Baseline: count=49 url=http://127.0.0.1:8888/metrics
Sending canary...
PS>TerminatingError(Invoke-WebRequest): "Unable to connect to the remote server"
Metrics fetch failed on http://127.0.0.1:8889/metrics: Unable to connect to the remote server
OK delta observed. before=49 after=50 token=a6e0eef1c7094c708257138f9b534956 via=http://127.0.0.1:8888/metrics
**********************
Windows PowerShell transcript end
End time: 20251022121654
**********************
